// Jest Snapshot v1, https://goo.gl/fbAQLP

exports[`TestimonialSection matches snapshot 1`] = `ShallowWrapper {}`;
