// Jest Snapshot v1, https://goo.gl/fbAQLP

exports[`CarouselSection matches snapshot 1`] = `ShallowWrapper {}`;
