// Jest Snapshot v1, https://goo.gl/fbAQLP

exports[`IntroSection matches snapshot 1`] = `ShallowWrapper {}`;
