// Jest Snapshot v1, https://goo.gl/fbAQLP

exports[`TitleAndTextBlock matches snapshot 1`] = `ShallowWrapper {}`;
