// Jest Snapshot v1, https://goo.gl/fbAQLP

exports[`ProjectDetailedCard matches snapshot 1`] = `ShallowWrapper {}`;
