// Jest Snapshot v1, https://goo.gl/fbAQLP

exports[`ProjectCard matches snapshot 1`] = `ShallowWrapper {}`;
