// Jest Snapshot v1, https://goo.gl/fbAQLP

exports[`should render the App 1`] = `
<div
  class="App"
  style="height:100vh;overflow:hidden"
>
  <div
    class="AppContent"
  >
    <section
      href="landing"
      style="height:100vh;padding:0 1em"
    >
      <div
        style="position:relative;display:flex;flex-direction:column;height:100%;justify-content:center;align-content:center"
      >
        <div
          id="tsparticles"
        >
          <canvas
            style="position:absolute;z-index:-1;left:0;right:0;bottom:0;top:0;width:100%;height:100%"
          />
        </div>
        <h1
          class="MuiTypography-root MuiTypography-h1 MuiTypography-colorInherit"
          style="font-size:3em"
        >
          Hi, I'm Max!
        </h1>
        <h2
          class="MuiTypography-root MuiTypography-h2 MuiTypography-colorInherit"
          style="font-size:2.125em"
        >
          I am an aspiring front-end developer.
        </h2>
        <div>
          <br />
          <br />
        </div>
        <div>
          <a
            aria-disabled="false"
            aria-label="Scroll to the About section"
            class="MuiButtonBase-root MuiButton-root MuiButton-outlined MuiButton-outlinedSizeLarge MuiButton-sizeLarge"
            href="#about"
            style="border:3px solid;border-radius:0px;border-color:lightgrey"
            tabindex="0"
          >
            <span
              class="MuiButton-label"
            >
              See my work
            </span>
          </a>
        </div>
      </div>
      <div
        style="position:relative;bottom:2em"
      >
        <svg
          aria-hidden="true"
          style="width:5vw"
        >
          arrow_primary.svg
        </svg>
      </div>
    </section>
    <section
      id="about"
    >
      <div
        class="MuiGrid-root MuiGrid-container MuiGrid-spacing-xs-3 MuiGrid-justify-xs-space-evenly"
      >
        <div
          class="MuiGrid-root MuiGrid-item MuiGrid-grid-xs-12 MuiGrid-grid-md-9"
        >
          <div
            class="MuiPaper-root MuiCard-root MuiPaper-elevation4 MuiPaper-rounded"
          >
            <div
              class="MuiCardContent-root"
            >
              <p
                class="MuiTypography-root MuiTypography-body1 MuiTypography-colorInherit MuiTypography-alignLeft"
              >
                I am actively learning and developing with the intent of becoming a front-end developer, and have filled my evenings and weekends since the onset of the 2020 COVID-19 global outbreak with web development utilizing a React/Redux/Firebase stack.
              </p>
              <br />
              <p
                class="MuiTypography-root MuiTypography-body1 MuiTypography-colorInherit MuiTypography-alignLeft"
              >
                My background is in engineering, where I am currently developing 
                <span
                  class=""
                  style="color:darkblue"
                  title="Utilizing PLCs, sensors, and operator input devices to automate operations, increase operator safety, and generate rich data on industrial vehicles."
                >
                  Mobile Electronic Controls 
                </span>
                applications using IEC 611131-3 PLC languages for the industrial market and managing development projects. In these applications, my key focus is developing intuitive and responsive operator interfaces.
                <br />
                <br />
                In a similar vein, I am fascinated with the web's current capability and potential for conveying information to users. Striving to make the web more accessible is a major component of usability that I am interested to learn and better implement. I am also keenly interested in pursuing rich 
                <span
                  class=""
                  style="color:darkblue"
                  title="Ask me
 about my spreadsheets!"
                >
                  data visualization!
                </span>
                <br />
                <br />
                 When not programming, I enjoy developing my animation and bartending skills, and going on adventures with my wife.
              </p>
            </div>
          </div>
        </div>
        <div
          class="MuiGrid-root MuiGrid-item MuiGrid-grid-xs-12 MuiGrid-grid-md-3"
        >
          <h3
            class="MuiTypography-root MuiTypography-h3 MuiTypography-gutterBottom"
            style="font-size:1.5em"
          >
            Skills & Experience
          </h3>
          <div
            class="MuiGrid-root MuiGrid-container MuiGrid-align-items-xs-center MuiGrid-justify-xs-space-around"
          >
            <div
              class="MuiChip-root MuiChip-outlined MuiChip-sizeSmall"
            >
              <span
                class="MuiChip-label MuiChip-labelSmall"
              >
                JavaScript
              </span>
            </div>
            <div
              class="MuiChip-root MuiChip-outlined MuiChip-sizeSmall"
            >
              <span
                class="MuiChip-label MuiChip-labelSmall"
              >
                ReactJS
              </span>
            </div>
            <div
              class="MuiChip-root MuiChip-outlined MuiChip-sizeSmall"
            >
              <span
                class="MuiChip-label MuiChip-labelSmall"
              >
                Python
              </span>
            </div>
            <div
              class="MuiChip-root MuiChip-outlined MuiChip-sizeSmall"
            >
              <span
                class="MuiChip-label MuiChip-labelSmall"
              >
                Git
              </span>
            </div>
            <div
              class="MuiChip-root MuiChip-outlined MuiChip-sizeSmall"
            >
              <span
                class="MuiChip-label MuiChip-labelSmall"
              >
                SVN
              </span>
            </div>
            <div
              class="MuiChip-root MuiChip-outlined MuiChip-sizeSmall"
            >
              <span
                class="MuiChip-label MuiChip-labelSmall"
              >
                Agile Project Management
              </span>
            </div>
            <div
              class="MuiChip-root MuiChip-outlined MuiChip-sizeSmall"
            >
              <span
                class="MuiChip-label MuiChip-labelSmall"
              >
                npm
              </span>
            </div>
            <div
              class="MuiChip-root MuiChip-outlined MuiChip-sizeSmall"
            >
              <span
                class="MuiChip-label MuiChip-labelSmall"
              >
                Excel
              </span>
            </div>
            <div
              class="MuiChip-root MuiChip-outlined MuiChip-sizeSmall"
            >
              <span
                class="MuiChip-label MuiChip-labelSmall"
              >
                Remote Communication
              </span>
            </div>
            <div
              class="MuiChip-root MuiChip-outlined MuiChip-sizeSmall"
            >
              <span
                class="MuiChip-label MuiChip-labelSmall"
              >
                Client Interaction
              </span>
            </div>
          </div>
        </div>
      </div>
    </section>
    <section
      id="projects"
    >
      <h3
        class="MuiTypography-root MuiTypography-h3 MuiTypography-gutterBottom"
        style="font-size:2.125em"
      >
        Projects
      </h3>
      <div
        class="MuiGrid-root MuiGrid-container MuiGrid-spacing-xs-3 MuiGrid-justify-xs-space-evenly"
        style="min-width:200px"
      >
        <div
          class="MuiGrid-root MuiGrid-item MuiGrid-grid-xs-12 MuiGrid-grid-md-6 MuiGrid-grid-lg-4"
        >
          <a
            aria-disabled="false"
            class="MuiButtonBase-root MuiCardActionArea-root"
            href="https://www.agwsu.org/"
            tabindex="0"
          >
            <div
              class="MuiPaper-root MuiCard-root MuiPaper-elevation1 MuiPaper-rounded"
              href="https://www.agwsu.org/"
              style="height:100%"
            >
              <div
                class="MuiCardMedia-root"
                style="background-image:url(\\"agwsu.webp\\");height:0;background-position:center 0;min-width:200px;padding-top:56.25%"
                title="Wright State University Adventurers' Guild"
              />
              <div
                class="MuiCardContent-root"
              >
                <h4
                  class="MuiTypography-root MuiTypography-h4"
                  style="font-size:1.25em"
                >
                  Wright State University Adventurers' Guild
                </h4>
              </div>
            </div>
            <span
              class="MuiCardActionArea-focusHighlight"
            />
          </a>
        </div>
        <div
          class="MuiGrid-root MuiGrid-item MuiGrid-grid-xs-12 MuiGrid-grid-md-6 MuiGrid-grid-lg-4"
        >
          <div
            class="MuiPaper-root MuiCard-root MuiPaper-elevation1 MuiPaper-rounded"
            style="height:100%"
            title="I was not involved in the website development, but rather the software controlling the system on these cement trucks. There are currently over 800 units in the field, and the system is capabile of over 12 million unique configurations."
          >
            <div
              class="MuiCardMedia-root"
              style="background-image:url(\\"FirstKommand.webp\\");height:0;background-position:center 0;min-width:200px;padding-top:56.25%"
              title="First Kommand CyKlone Mixer"
            />
            <div
              class="MuiCardContent-root"
            >
              <h4
                class="MuiTypography-root MuiTypography-h4"
                style="font-size:1.25em"
              >
                First Kommand Cyklone Mixer 
                <br />
              </h4>
            </div>
          </div>
        </div>
        <div
          class="MuiGrid-root MuiGrid-item MuiGrid-grid-xs-12 MuiGrid-grid-md-6 MuiGrid-grid-lg-4"
        >
          <a
            aria-disabled="false"
            class="MuiButtonBase-root MuiCardActionArea-root"
            href="https://realtime-to-do-225fa.web.app/"
            tabindex="0"
          >
            <div
              class="MuiPaper-root MuiCard-root MuiPaper-elevation1 MuiPaper-rounded"
              style="height:100%"
            >
              <div
                class="MuiCardMedia-root"
                style="background-image:url(\\"RealtimeTo-Do.webp\\");height:0;background-position:center 0;min-width:200px;padding-top:56.25%"
                title="Realtime To-Do"
              />
              <div
                class="MuiCardContent-root"
              >
                <h4
                  class="MuiTypography-root MuiTypography-h4"
                  style="font-size:1.25em"
                >
                  Realtime To-Do
                </h4>
              </div>
            </div>
            <span
              class="MuiCardActionArea-focusHighlight"
            />
          </a>
        </div>
      </div>
    </section>
    <section
      id="qualifications"
    >
      <div
        class="MuiGrid-root MuiGrid-container MuiGrid-spacing-xs-3 MuiGrid-justify-xs-space-evenly"
      >
        <div
          class="MuiGrid-root MuiGrid-item MuiGrid-grid-xs-12 MuiGrid-grid-md-6"
        >
          <div
            class="MuiPaper-root MuiCard-root MuiPaper-elevation4 MuiPaper-rounded"
            style="height:100%"
          >
            <div
              class="MuiCardHeader-root"
            >
              <div
                class="MuiCardHeader-content"
              >
                <span
                  class="MuiTypography-root MuiCardHeader-title MuiTypography-h5 MuiTypography-displayBlock"
                >
                  Awards and Competitions
                </span>
              </div>
            </div>
            <div
              class="MuiCardContent-root"
            >
              <ul
                class="MuiList-root MuiList-padding"
              >
                <li
                  class="MuiListItem-root MuiListItem-gutters"
                >
                  <div
                    class="MuiListItemAvatar-root"
                  >
                    <div
                      class="MuiAvatar-root MuiAvatar-circle MuiAvatar-colorDefault"
                    >
                      <svg
                        aria-hidden="true"
                        class="MuiSvgIcon-root"
                        focusable="false"
                        viewBox="0 0 24 24"
                      >
                        <path
                          d="M11.99 2C6.47 2 2 6.48 2 12s4.47 10 9.99 10C17.52 22 22 17.52 22 12S17.52 2 11.99 2zm4.24 16L12 15.45 7.77 18l1.12-4.81-3.73-3.23 4.92-.42L12 5l1.92 4.53 4.92.42-3.73 3.23L16.23 18z"
                        />
                      </svg>
                    </div>
                  </div>
                  <div
                    class="MuiListItemText-root MuiListItemText-multiline"
                  >
                    <span
                      class="MuiTypography-root MuiListItemText-primary MuiTypography-body1 MuiTypography-displayBlock"
                    >
                      G. W. Hoffman Technical Excellence
                    </span>
                    <p
                      class="MuiTypography-root MuiListItemText-secondary MuiTypography-body2 MuiTypography-colorTextSecondary MuiTypography-displayBlock"
                    >
                      2019 - Highest technical award
                    </p>
                  </div>
                </li>
                <li
                  class="MuiListItem-root MuiListItem-gutters"
                >
                  <div
                    class="MuiListItemAvatar-root"
                  >
                    <div
                      class="MuiAvatar-root MuiAvatar-circle MuiAvatar-colorDefault"
                    >
                      <svg
                        aria-hidden="true"
                        class="MuiSvgIcon-root"
                        focusable="false"
                        viewBox="0 0 24 24"
                      >
                        <path
                          d="M19 5h-2V3H7v2H5c-1.1 0-2 .9-2 2v1c0 2.55 1.92 4.63 4.39 4.94.63 1.5 1.98 2.63 3.61 2.96V19H7v2h10v-2h-4v-3.1c1.63-.33 2.98-1.46 3.61-2.96C19.08 12.63 21 10.55 21 8V7c0-1.1-.9-2-2-2zM7 10.82C5.84 10.4 5 9.3 5 8V7h2v3.82zM19 8c0 1.3-.84 2.4-2 2.82V7h2v1z"
                        />
                      </svg>
                    </div>
                  </div>
                  <div
                    class="MuiListItemText-root MuiListItemText-multiline"
                  >
                    <span
                      class="MuiTypography-root MuiListItemText-primary MuiTypography-body1 MuiTypography-displayBlock"
                    >
                      Festo International Coding Challenge
                    </span>
                    <p
                      class="MuiTypography-root MuiListItemText-secondary MuiTypography-body2 MuiTypography-colorTextSecondary MuiTypography-displayBlock"
                    >
                      2019 - 28th global finalist
                    </p>
                  </div>
                </li>
                <li
                  class="MuiListItem-root MuiListItem-gutters"
                >
                  <div
                    class="MuiListItemAvatar-root"
                  >
                    <div
                      class="MuiAvatar-root MuiAvatar-circle MuiAvatar-colorDefault"
                    >
                      <svg
                        aria-hidden="true"
                        class="MuiSvgIcon-root"
                        focusable="false"
                        viewBox="0 0 24 24"
                      >
                        <path
                          d="M12 17.27L18.18 21l-1.64-7.03L22 9.24l-7.19-.61L12 2 9.19 8.63 2 9.24l5.46 4.73L5.82 21z"
                        />
                      </svg>
                    </div>
                  </div>
                  <div
                    class="MuiListItemText-root MuiListItemText-multiline"
                  >
                    <span
                      class="MuiTypography-root MuiListItemText-primary MuiTypography-body1 MuiTypography-displayBlock"
                    >
                      Scott Industrial Officer's Award
                    </span>
                    <p
                      class="MuiTypography-root MuiListItemText-secondary MuiTypography-body2 MuiTypography-colorTextSecondary MuiTypography-displayBlock"
                    >
                      2017 - Excellence with cement mixer project
                    </p>
                  </div>
                </li>
                <li
                  class="MuiListItem-root MuiListItem-gutters"
                >
                  <div
                    class="MuiListItemAvatar-root"
                  >
                    <div
                      class="MuiAvatar-root MuiAvatar-circle MuiAvatar-colorDefault"
                    >
                      <svg
                        aria-hidden="true"
                        class="MuiSvgIcon-root"
                        focusable="false"
                        viewBox="0 0 24 24"
                      >
                        <path
                          d="M12 17.27L18.18 21l-1.64-7.03L22 9.24l-7.19-.61L12 2 9.19 8.63 2 9.24l5.46 4.73L5.82 21z"
                        />
                      </svg>
                    </div>
                  </div>
                  <div
                    class="MuiListItemText-root MuiListItemText-multiline"
                  >
                    <span
                      class="MuiTypography-root MuiListItemText-primary MuiTypography-body1 MuiTypography-displayBlock"
                    >
                      Scott Industrial Officer's Award
                    </span>
                    <p
                      class="MuiTypography-root MuiListItemText-secondary MuiTypography-body2 MuiTypography-colorTextSecondary MuiTypography-displayBlock"
                    >
                      2014 - Excellence in implementing new documentation standards
                    </p>
                  </div>
                </li>
              </ul>
            </div>
          </div>
        </div>
        <div
          class="MuiGrid-root MuiGrid-item MuiGrid-grid-xs-12 MuiGrid-grid-md-6"
        >
          <div
            class="MuiPaper-root MuiCard-root MuiPaper-elevation4 MuiPaper-rounded"
            style="height:100%"
          >
            <div
              class="MuiCardHeader-root"
            >
              <div
                class="MuiCardHeader-content"
              >
                <span
                  class="MuiTypography-root MuiCardHeader-title MuiTypography-h5 MuiTypography-displayBlock"
                >
                  Certifications and Education
                </span>
              </div>
            </div>
            <div
              class="MuiCardContent-root"
            >
              <ul
                class="MuiList-root MuiList-padding"
              >
                <li
                  class="MuiListItem-root MuiListItem-gutters"
                >
                  <div
                    class="MuiListItemAvatar-root"
                  >
                    <div
                      class="MuiAvatar-root MuiAvatar-circle MuiAvatar-colorDefault"
                    >
                      <svg
                        aria-hidden="true"
                        class="MuiSvgIcon-root"
                        focusable="false"
                        viewBox="0 0 24 24"
                      >
                        <path
                          d="M20 2H4c-1.11 0-2 .89-2 2v11c0 1.11.89 2 2 2h4v5l4-2 4 2v-5h4c1.11 0 2-.89 2-2V4c0-1.11-.89-2-2-2zm0 13H4v-2h16v2zm0-5H4V4h16v6z"
                        />
                      </svg>
                    </div>
                  </div>
                  <div
                    class="MuiListItemText-root MuiListItemText-multiline"
                  >
                    <span
                      class="MuiTypography-root MuiListItemText-primary MuiTypography-body1 MuiTypography-displayBlock"
                    >
                      Software Project Management Specialization
                    </span>
                    <p
                      class="MuiTypography-root MuiListItemText-secondary MuiTypography-body2 MuiTypography-colorTextSecondary MuiTypography-displayBlock"
                    >
                      2020 - Coursera
                    </p>
                  </div>
                </li>
                <li
                  class="MuiListItem-root MuiListItem-gutters"
                >
                  <div
                    class="MuiListItemAvatar-root"
                  >
                    <div
                      class="MuiAvatar-root MuiAvatar-circle MuiAvatar-colorDefault"
                    >
                      <svg
                        aria-hidden="true"
                        class="MuiSvgIcon-root"
                        focusable="false"
                        viewBox="0 0 24 24"
                      >
                        <path
                          d="M5 13.18v4L12 21l7-3.82v-4L12 17l-7-3.82zM12 3L1 9l11 6 9-4.91V17h2V9L12 3z"
                        />
                      </svg>
                    </div>
                  </div>
                  <div
                    class="MuiListItemText-root MuiListItemText-multiline"
                  >
                    <span
                      class="MuiTypography-root MuiListItemText-primary MuiTypography-body1 MuiTypography-displayBlock"
                    >
                      Associate of Applied Science
                    </span>
                    <p
                      class="MuiTypography-root MuiListItemText-secondary MuiTypography-body2 MuiTypography-colorTextSecondary MuiTypography-displayBlock"
                    >
                      2011 - Sinclair Community College
                    </p>
                  </div>
                </li>
                <li
                  class="MuiListItem-root MuiListItem-gutters"
                >
                  <div
                    class="MuiListItemAvatar-root"
                  >
                    <div
                      class="MuiAvatar-root MuiAvatar-circle MuiAvatar-colorDefault"
                    >
                      <svg
                        aria-hidden="true"
                        class="MuiSvgIcon-root"
                        focusable="false"
                        viewBox="0 0 24 24"
                      >
                        <path
                          d="M12 10.9c-.61 0-1.1.49-1.1 1.1s.49 1.1 1.1 1.1c.61 0 1.1-.49 1.1-1.1s-.49-1.1-1.1-1.1zM12 2C6.48 2 2 6.48 2 12s4.48 10 10 10 10-4.48 10-10S17.52 2 12 2zm2.19 12.19L6 18l3.81-8.19L18 6l-3.81 8.19z"
                        />
                      </svg>
                    </div>
                  </div>
                  <div
                    class="MuiListItemText-root MuiListItemText-multiline"
                  >
                    <span
                      class="MuiTypography-root MuiListItemText-primary MuiTypography-body1 MuiTypography-displayBlock"
                    >
                      Eagle Scout
                    </span>
                    <p
                      class="MuiTypography-root MuiListItemText-secondary MuiTypography-body2 MuiTypography-colorTextSecondary MuiTypography-displayBlock"
                    >
                      Boy Scouts of America
                    </p>
                  </div>
                </li>
              </ul>
            </div>
          </div>
        </div>
      </div>
    </section>
    <section
      id="resume"
    >
      <div
        class="MuiGrid-root MuiGrid-container MuiGrid-spacing-xs-3 MuiGrid-align-items-xs-center MuiGrid-justify-xs-space-evenly"
      >
        <div
          class="MuiGrid-root MuiGrid-item MuiGrid-grid-xs-12"
        >
          <div
            class="MuiPaper-root MuiCard-root MuiPaper-elevation4 MuiPaper-rounded"
          >
            <div
              class="MuiCardContent-root"
            >
              <h3
                class="MuiTypography-root MuiTypography-h3 MuiTypography-gutterBottom"
                style="font-size:1.5em"
              >
                If you prefer a traditional resume, you can find mine here.
                <br />
                <br />
              </h3>
              <div>
                <a
                  aria-disabled="false"
                  aria-label="Download my resume"
                  class="MuiButtonBase-root MuiButton-root MuiButton-outlined MuiButton-outlinedSizeLarge MuiButton-sizeLarge"
                  href="ML_070820_resume.pdf"
                  style="border:3px solid;border-radius:0px;border-color:lightgrey"
                  tabindex="0"
                >
                  <span
                    class="MuiButton-label"
                  >
                    View my resume
                  </span>
                </a>
              </div>
              <h4
                class="MuiTypography-root MuiTypography-h4"
                style="font-size:1.25em"
              >
                <br />
                I have references and a full CV available upon request.
              </h4>
            </div>
          </div>
        </div>
      </div>
    </section>
    <section
      id="contact"
    >
      <h2
        class="MuiTypography-root MuiTypography-h2 MuiTypography-colorInherit"
        style="font-size:1.5em"
      >
        Let's talk!
        <br />
        <br />
      </h2>
      <div
        class="MuiGrid-root MuiGrid-container MuiGrid-spacing-xs-3 MuiGrid-justify-xs-center"
      >
        <div
          class="MuiGrid-root MuiGrid-item MuiGrid-grid-xs-4 MuiGrid-grid-lg-4"
        >
          <a
            class=""
            href="https://gitlab.com/maxlepper"
            title="GitLab"
          >
            <svg
              aria-hidden="true"
              aria-label="GitLab"
              class="MuiSvgIcon-root MuiSvgIcon-fontSizeLarge"
              focusable="false"
              viewBox="0 0 492.50943 453.67966"
            >
              gitlab_icon.svg
            </svg>
          </a>
        </div>
        <div
          class="MuiGrid-root MuiGrid-item MuiGrid-grid-xs-4 MuiGrid-grid-lg-4"
        >
          <a
            class=""
            href=" mailto:maxllepper@gmail.com?subject=Portfolio%20Inquiry"
            title="Email"
          >
            <svg
              aria-hidden="true"
              aria-label="Email"
              class="MuiSvgIcon-root MuiSvgIcon-fontSizeLarge"
              focusable="false"
              style="color:#9E271D"
              viewBox="0 0 24 24"
            >
              <path
                d="M20 4H4c-1.1 0-1.99.9-1.99 2L2 18c0 1.1.9 2 2 2h16c1.1 0 2-.9 2-2V6c0-1.1-.9-2-2-2zm0 4l-8 5-8-5V6l8 5 8-5v2z"
              />
            </svg>
          </a>
        </div>
        <div
          class="MuiGrid-root MuiGrid-item MuiGrid-grid-xs-4 MuiGrid-grid-lg-4"
        >
          <a
            class=""
            href="https://www.linkedin.com/in/maxlepper/"
            title="LinkedIn"
          >
            <svg
              aria-hidden="true"
              aria-label="LinkedIn"
              class="MuiSvgIcon-root MuiSvgIcon-fontSizeLarge"
              focusable="false"
              style="color:#005F91"
              viewBox="0 0 24 24"
            >
              <path
                d="M19 3a2 2 0 0 1 2 2v14a2 2 0 0 1-2 2H5a2 2 0 0 1-2-2V5a2 2 0 0 1 2-2h14m-.5 15.5v-5.3a3.26 3.26 0 0 0-3.26-3.26c-.85 0-1.84.52-2.32 1.3v-1.11h-2.79v8.37h2.79v-4.93c0-.77.62-1.4 1.39-1.4a1.4 1.4 0 0 1 1.4 1.4v4.93h2.79M6.88 8.56a1.68 1.68 0 0 0 1.68-1.68c0-.93-.75-1.69-1.68-1.69a1.69 1.69 0 0 0-1.69 1.69c0 .93.76 1.68 1.69 1.68m1.39 9.94v-8.37H5.5v8.37h2.77z"
              />
            </svg>
          </a>
        </div>
      </div>
    </section>
    <section
      id="edited"
      style="height:2em"
    >
      <span>
        Made with 
      </span>
      <div
        class="x0 x1 x2 x3 "
      >
        <div
          style="transition:width 150ms linear;height:auto;width:auto"
        >
          <div
            class="x1 x4 x5 x6"
            style="opacity:1;transform:translateY(0px);position:relative"
          >
            <span
              aria-label="heart"
              role="img"
            >
              📚
            </span>
          </div>
        </div>
      </div>
      <span>
         by Max Lepper, 2020
      </span>
    </section>
  </div>
</div>
`;
